--------------------------------------------------------------------------------
Release 14.7 Trace  (nt64)
Copyright (c) 1995-2013 Xilinx, Inc.  All rights reserved.

C:\Xilinx\14.7\ISE_DS\ISE\bin\nt64\unwrapped\trce.exe -intstyle ise -v 3 -s 5
-n 3 -fastpaths -xml time_parameters.twx time_parameters.ncd -o
time_parameters.twr time_parameters.pcf

Design file:              time_parameters.ncd
Physical constraint file: time_parameters.pcf
Device,package,speed:     xc3s50,pq208,-5 (PRODUCTION 1.39 2013-10-13)
Report level:             verbose report

Environment Variable      Effect 
--------------------      ------ 
NONE                      No environment variables were set
--------------------------------------------------------------------------------

INFO:Timing:2698 - No timing constraints found, doing default enumeration.
INFO:Timing:3412 - To improve timing, see the Timing Closure User Guide (UG612).
INFO:Timing:2752 - To get complete path coverage, use the unconstrained paths 
   option. All paths that are not constrained will be reported in the 
   unconstrained paths section(s) of the report.
INFO:Timing:3339 - The clock-to-out numbers in this timing report are based on 
   a 50 Ohm transmission line loading model.  For the details of this model, 
   and for more information on accounting for different loading conditions, 
   please see the device datasheet.
INFO:Timing:3390 - This architecture does not support a default System Jitter 
   value, please add SYSTEM_JITTER constraint to the UCF to modify the Clock 
   Uncertainty calculation.
INFO:Timing:3389 - This architecture does not support 'Discrete Jitter' and 
   'Phase Error' calculations, these terms will be zero in the Clock 
   Uncertainty calculation.  Please make appropriate modification to 
   SYSTEM_JITTER to account for the unsupported Discrete Jitter and Phase 
   Error.



Data Sheet report:
-----------------
All values displayed in nanoseconds (ns)

Setup/Hold to clock clock
--------------------------+------------+------------+------------------+--------+
                          |Max Setup to|Max Hold to |                  | Clock  |
Source                    | clk (edge) | clk (edge) |Internal Clock(s) | Phase  |
--------------------------+------------+------------+------------------+--------+
interval<0>               |    1.049(R)|    0.421(R)|clock_BUFGP       |   0.000|
interval<1>               |    1.091(R)|    0.610(R)|clock_BUFGP       |   0.000|
prog_sync                 |    2.547(R)|   -0.116(R)|clock_BUFGP       |   0.000|
time_parameter_selector<0>|    2.731(R)|   -0.211(R)|clock_BUFGP       |   0.000|
time_parameter_selector<1>|    2.681(R)|   -0.234(R)|clock_BUFGP       |   0.000|
time_value<0>             |    0.120(R)|    0.911(R)|clock_BUFGP       |   0.000|
time_value<1>             |    0.059(R)|    0.952(R)|clock_BUFGP       |   0.000|
time_value<2>             |    0.432(R)|    0.898(R)|clock_BUFGP       |   0.000|
time_value<3>             |    0.368(R)|    0.731(R)|clock_BUFGP       |   0.000|
--------------------------+------------+------------+------------------+--------+

Clock clock to Pad
------------+------------+------------------+--------+
            | clk (edge) |                  | Clock  |
Destination |   to PAD   |Internal Clock(s) | Phase  |
------------+------------+------------------+--------+
value<0>    |    7.750(R)|clock_BUFGP       |   0.000|
value<1>    |    7.083(R)|clock_BUFGP       |   0.000|
value<2>    |    7.724(R)|clock_BUFGP       |   0.000|
value<3>    |    7.139(R)|clock_BUFGP       |   0.000|
------------+------------+------------------+--------+

Clock to Setup on destination clock clock
---------------+---------+---------+---------+---------+
               | Src:Rise| Src:Fall| Src:Rise| Src:Fall|
Source Clock   |Dest:Rise|Dest:Rise|Dest:Fall|Dest:Fall|
---------------+---------+---------+---------+---------+
clock          |    2.214|         |         |         |
---------------+---------+---------+---------+---------+


Analysis completed Sun Jun 30 14:35:40 2019 
--------------------------------------------------------------------------------

Trace Settings:
-------------------------
Trace Settings 

Peak Memory Usage: 4470 MB



