MO time_parameters NULL time_parameters.v vlg7E/time__parameters.bin 1561919551
MO divider NULL divider.v vlg4B/divider.bin 1561919551
MO TrafficLightController NULL TrafficLightController.v vlg27/_traffic_light_controller.bin 1561919551
MO walk_register NULL walk_register.v vlg4F/walk__register.bin 1561919551
MO synchronizer NULL synchronizer.v vlg4E/synchronizer.bin 1561919551
MO FSM NULL FSM.v vlg42/_f_s_m.bin 1561919551
MO timer NULL timer.v vlg09/timer.bin 1561919551
